// Jest Snapshot v1, https://goo.gl/fbAQLP

exports[`CreateLeague component should render fine 1`] = `"<form class=\\"ant-form ant-form-inline\\"><div class=\\"ant-row ant-form-item\\"><div class=\\"ant-form-item-control-wrapper\\"><div class=\\"ant-form-item-control\\"><span class=\\"ant-form-item-children\\"><input type=\\"text\\" placeholder=\\"League name\\" value=\\"\\" class=\\"ant-input\\"/></span></div></div></div><button type=\\"button\\" class=\\"ant-btn\\"><span>Create a league</span></button></form>"`;
