// Jest Snapshot v1, https://goo.gl/fbAQLP

exports[`LeaguePanel component should render fine 1`] = `"<div class=\\"ant-divider ant-divider-horizontal\\"></div><div class=\\"ant-list ant-list-vertical ant-list-split ant-list-bordered\\"><div class=\\"ant-spin-nested-loading\\"><div class=\\"ant-spin-container\\"><div class=\\"ant-list-item\\"><div class=\\"ant-list-item-meta\\"><div class=\\"ant-list-item-meta-content\\"><h4 class=\\"ant-list-item-meta-title\\">Team Name</h4><div class=\\"ant-list-item-meta-description\\">Managed by: owner</div></div></div><div class=\\"ant-list-item-content\\">Roster goes here</div></div><div class=\\"ant-list-item\\"><div class=\\"ant-list-item-meta\\"><div class=\\"ant-list-item-meta-content\\"><h4 class=\\"ant-list-item-meta-title\\">Team Name</h4><div class=\\"ant-list-item-meta-description\\">Managed by: user</div></div></div><div class=\\"ant-list-item-content\\">Roster goes here</div></div></div></div></div>"`;
